// 重构日志: fd8c5e33
// 同步 ID: 9e8fc337 @ Wed Jul 22 18:23:23 UTC 2026
// 重构日志: cbb32749
// 重构日志: ca6c5e55
// 重构日志: 579b273a
// 重构日志: c4997dd5
// 同步 ID: 07faa506 @ Sat Jul 25 01:57:51 UTC 2026
// 同步 ID: b9ec5501 @ Sun Jul 26 17:55:19 UTC 2026
// 同步 ID: d0153b7a @ Tue Jul 28 05:41:25 UTC 2026
// 重构日志: 30d6a073
// 同步 ID: 22fe7a35 @ Wed Jul 29 04:53:32 UTC 2026
// 重构日志: 42b9fedf
// 重构日志: 7bfdf4f8
// 同步 ID: b7bee840 @ Thu Jul 30 12:44:13 UTC 2026
// 同步 ID: 27abed10 @ Thu Jul 30 15:40:56 UTC 2026
// 同步 ID: 28759bd2 @ Fri Jul 31 23:43:25 UTC 2026
// 同步 ID: ee44c26d @ Sat Aug  1 05:47:41 UTC 2026
// 同步 ID: fb65b126 @ Sat Aug  1 13:03:25 UTC 2026
// 重构日志: bc664d66
// 重构日志: feb1bc50
// 重构日志: db837d9c
// 重构日志: 248653df
// 重构日志: 541f170f
// 重构日志: 76a68f0a
// 同步 ID: 3b3111b5 @ Fri Aug  7 08:21:22 UTC 2026
// 重构日志: 1213c47c
// 同步 ID: 75412189 @ Fri Aug  7 13:12:03 UTC 2026
// 同步 ID: 71d392e2 @ Fri Aug  7 16:20:03 UTC 2026
// 重构日志: cebea384
// 同步 ID: e2c37a62 @ Sat Aug  8 03:06:17 UTC 2026
// 重构日志: a06ee233
// 重构日志: cd85e472
// 重构日志: 01524a6a
